../Core/Src/main.c:78:5:__io_putchar	16	static
../Core/Src/main.c:85:6:update_duty_cycle	16	static
../Core/Src/main.c:97:6:HAL_GPIO_EXTI_Callback	16	static
../Core/Src/main.c:108:6:HAL_UART_RxCpltCallback	24	static
../Core/Src/main.c:134:5:main	8	static
../Core/Src/main.c:203:6:SystemClock_Config	88	static
../Core/Src/main.c:251:13:MX_TIM1_Init	80	static
../Core/Src/main.c:320:13:MX_TIM8_Init	80	static
../Core/Src/main.c:389:13:MX_USART1_UART_Init	8	static
../Core/Src/main.c:422:13:MX_USART2_UART_Init	8	static
../Core/Src/main.c:455:13:MX_GPIO_Init	48	static
../Core/Src/main.c:495:6:Error_Handler	4	static,ignoring_inline_asm
